// Jest Snapshot v1, https://goo.gl/fbAQLP

exports[`Test Pipelines component should render correctly with mock props 1`] = `
<div
  style={
    Object {
      "flexGrow": 1,
    }
  }
>
  <Blueprint3.Tree
    contents={Array []}
    onNodeClick={[Function]}
    onNodeCollapse={[Function]}
    onNodeExpand={[Function]}
  />
</div>
`;
